<?xml version="1.0" encoding="utf-8"?><testsuites>
  <testsuite name="MyTestSuite HTTP [tests/MyTestSuiteHTTP.yml]" package="tests/MyTestSuiteHTTP.yml" tests="6">
    <testcase name="GET http testcase">
      <system-out></system-out>
      <system-err></system-err>
    </testcase>
    <testcase name="POST http testcase">
      <system-out></system-out>
      <system-err></system-err>
    </testcase>
    <testcase name="POST http multipart">
      <system-out></system-out>
      <system-err></system-err>
    </testcase>
    <testcase name="POST http (enhanced assertions)">
      <system-out></system-out>
      <system-err></system-err>
    </testcase>
    <testcase name="GET http (with templated stuff)">
      <system-out></system-out>
      <system-err></system-err>
    </testcase>
    <testcase name="GET http (with skip body)">
      <system-out></system-out>
      <system-err></system-err>
    </testcase>
  </testsuite>
</testsuites>